<h2 id="title">Title</h2>
<ul>
  <li>one</li><li>two</li><li>three</li>
</ul>